// Jest Snapshot v1, https://goo.gl/fbAQLP

exports[`Reader should generate user-friendly errors 1`] = `
"file:1:6: Expected close parenthesis
(1 2 3
------^"
`;

exports[`Reader should generate user-friendly errors 2`] = `
"file:1:0: Expected Unmatched closed parenthesis
)
^"
`;

exports[`Reader should generate user-friendly errors 3`] = `
"file:1:4: Expected double quote
\\"foo
----^"
`;

exports[`Reader should generate user-friendly errors 4`] = `
"file:1:3: Expected double quote
\\"ab\\\\xyz\\"
---^"
`;
